--- origtable/ezbig.orig-utf8.txt	2006-10-07 08:30:28.000000000 +0800
+++ maintable/ezbig.txt.table	2010-07-29 16:19:55.259499579 +0800
@@ -1,61 +0,0 @@
-%NoBosh 1
-%ename ezbig
-%prompt 【輕鬆】
-%selkey 1234567890
-%dupsel 10
-%keyname begin
-` 厂
-' Ｌ
-, ，
-- 儿
-. ＼
-/ ㄙ
-; 寸
-= 母
-[ 匚
-] 】
-0 鳥
-1 〡
-2 車
-3 糸
-4 言
-5 貝
-6 雨
-7 ㄇ
-8 八
-9 耳
-a 日
-b 月
-c 金
-d 木
-e 水
-f 火
-g 土
-h 竹
-i 戈
-j 十
-k 大
-l 中
-m 一
-n 弓
-o 人
-p 心
-q 手
-r 口
-s 尸
-t 廾
-u 山
-v 女
-w 田
-x 乂
-y 、
-z Ｚ
-` ㄏ
-\ 的
-~ ～
-! ！
-%keyname end
-%quick begin
-%quick end
-%sel1st begin
-%sel1st end
@@ -67 +6,2 @@
-""	"
+"	“
+"	”
@@ -71,0 +12,2 @@
+'	‘
+'	’
@@ -1093 +1035 @@
-()	（  ）
+()	（）
@@ -1102 +1044 @@
-*	
+*	∗
@@ -1106,2 +1048,2 @@
-*(	
-*)	
+*(	つ
+*)	ツ
@@ -2482 +2424 @@
-,,qm	無須x己
+,,qm	無須担己
@@ -2531,0 +2474,2 @@
+,,st	彩屏
+,,st	彩色屏幕
@@ -3526,0 +3471 @@
+,1,	自由行
@@ -3575,0 +3521 @@
+,127	自由軟體
@@ -3984,0 +3931 @@
+,3y3	無線上網
@@ -4240 +4187 @@
-,5qm	負x
+,5qm	負担
@@ -4264 +4211 @@
-,5tw	順x
+,5tw	順着
@@ -4330,0 +4278 @@
+,6fh	省電燈管
@@ -5938 +5886 @@
-,bjz	名勝古x
+,bjz	名勝古迹
@@ -6149 +6097 @@
-,btw	向x
+,btw	向着
@@ -6780,0 +6729 @@
+,e,r	香港特別行政區
@@ -10556 +10505 @@
-,ntw	為x
+,ntw	為着
@@ -13468,0 +13418 @@
+,xj;	微博
@@ -14558 +14508 @@
-,zjz	先進事x
+,zjz	先進事迹
@@ -14564 +14514 @@
-,zmz	先進事x
+,zmz	先進事迹
@@ -15506 +15456 @@
-..qm	承X
+..qm	承担
@@ -15638,0 +15589 @@
+.5x	孭
@@ -15681 +15631,0 @@
-.asm	.ASM
@@ -15727 +15676,0 @@
-.bas	.BAS
@@ -15729 +15677,0 @@
-.bat	.BAT
@@ -15736 +15683,0 @@
-.bin	.BIN
@@ -15786,2 +15732,0 @@
-.c	.C
-.cbl	.CBL
@@ -15791,3 +15735,0 @@
-.cob	.COB
-.com	.COM
-.cpp	.CPP
@@ -15796 +15737,0 @@
-.cxx	.CXX
@@ -15805 +15745,0 @@
-.dbf	.DBF
@@ -15807 +15746,0 @@
-.dbt	.DBT
@@ -15809 +15747,0 @@
-.def	.DEF
@@ -15814 +15751,0 @@
-.doc	.DOC
@@ -15827,0 +15765 @@
+.eob	氹仔
@@ -15829 +15767 @@
-.exe	.EXE
+.ex	氹
@@ -15835,3 +15772,0 @@
-.for	.FOR
-.fox	.FOX
-.frm	.FRM
@@ -15848 +15782,0 @@
-.h	.H
@@ -15852,2 +15785,0 @@
-.hpp	.HPP
-.hxx	.HXX
@@ -15855 +15786,0 @@
-.idx	.IDX
@@ -15876 +15806,0 @@
-.lbl	.LBL
@@ -15886 +15815,0 @@
-.lst	.LST
@@ -15993 +15921,0 @@
-.ndx	.NDX
@@ -16010 +15937,0 @@
-.ntx	.NTX
@@ -16029 +15955,0 @@
-.obj	.OBJ
@@ -16041 +15966,0 @@
-.ovl	.OVL
@@ -16047 +15971,0 @@
-.pas	.PAS
@@ -16050,2 +15973,0 @@
-.prg	.PRG
-.prn	.PRN
@@ -16072 +15993,0 @@
-.sys	.SYS
@@ -16087 +16007,0 @@
-.tab	.TAB
@@ -16089 +16008,0 @@
-.tbl	.TBL
@@ -16127 +16045,0 @@
-.txt	.TXT
@@ -16149,4 +16067 @@
-.wc	子目ˍ
-.wk1	.WK1
-.wk3	.WK3
-.wks	.WKS
+.wc	子目錄
@@ -16512,0 +16428,3 @@
+//	©
+//	®
+//	™
@@ -16764,0 +16683 @@
+/m	叁
@@ -16822,0 +16742 @@
+/oc	©
@@ -16824,0 +16745 @@
+/or	®
@@ -16906,0 +16828 @@
+/tm	™
@@ -17810 +17731,0 @@
-10zo	１０進位
@@ -18130,0 +18052 @@
+11mb	非典型肺炎
@@ -19372 +19293,0 @@
-16zo	１６進位
@@ -24587,0 +24509 @@
+2y	軚
@@ -24650,2 +24572,2 @@
-3'	紈x
-3'	紈x子弟
+3'	紈絝
+3'	紈絝子弟
@@ -24691 +24613 @@
-3'3n	紈
+3'3n	紈絝
@@ -24786,2 +24708,2 @@
-3'x	紈x
-3'x	紈x子弟
+3'x	紈絝
+3'x	紈絝子弟
@@ -25051,0 +24974 @@
+30tg	維基
@@ -25162 +25085 @@
-33.t	紈x子弟
+33.t	紈絝子弟
@@ -25316 +25239 @@
-37	參
+37	叁
@@ -25636,0 +25560 @@
+3bym	網上
@@ -26454 +26378 @@
-3n	x	
+3n	綉
@@ -26869 +26792,0 @@
-3rt	3 1/2"
@@ -26894,0 +26818 @@
+3ry	網路上
@@ -26950,0 +26875 @@
+3tm,	維基百科
@@ -30243,0 +30169 @@
+6'6y	電漿電視
@@ -31139 +31065 @@
-7,,q	額外負X
+7,,q	額外負担
@@ -33685,0 +33612 @@
+7ux	冚
@@ -34967,0 +34895 @@
+8rni	谷歌
@@ -35199,0 +35128 @@
+9,m	隨身碟
@@ -35281 +35209,0 @@
-9.0d	x集
@@ -35800 +35728 @@
-9btw	隨x
+9btw	隨着
@@ -36482 +36409,0 @@
-9o0d	x集
@@ -36766 +36692,0 @@
-9toy	x精會神
@@ -36958 +36884 @@
-9ztw	隨x
+9ztw	隨着
@@ -37042,3 +36968,3 @@
-<<>>	《   》
-<>	〈   〉
-<>	＜  ＞
+<<>>	《》
+<>	〈〉
+<>	＜＞
@@ -37177,4 +37103,4 @@
-a(	
-a)	
-a*	
-a*	
+a(	あ
+a)	ア
+a*	ぁ
+a*	ァ
@@ -37910 +37835,0 @@
-a:	A:
@@ -38115 +38040 @@
-aanb	明目張x
+aanb	明目張胆
@@ -38342 +38266,0 @@
-acad	Auto CAD
@@ -38401 +38324,0 @@
-adr	A 磁碟機
@@ -38861,2 +38783,0 @@
-alt	Alt-
-alt	Alt 鍵
@@ -39329,2 +39249,0 @@
-asci	ASCII
-asci	ＡＳＣＩＩ
@@ -39593 +39511,0 @@
-auto	AUTOEXEC.BAT
@@ -39653 +39571 @@
-awnb	明目張x
+awnb	明目張胆
@@ -39896,0 +39815 @@
+ay`v	開放原始碼
@@ -40616,0 +40536 @@
+b6fh	省電燈管
@@ -40702 +40621,0 @@
-b:	B:
@@ -40721,2 +40640,2 @@
-ba(	
-ba)	
+ba(	ば
+ba)	バ
@@ -40739,3 +40657,0 @@
-back	Backspace
-back	Backspace 鍵
-back	Backspace (退位鍵)
@@ -40754 +40669,0 @@
-bas	BASIC
@@ -40853 +40767,0 @@
-bbs	BBS
@@ -40916 +40829,0 @@
-bdr	B 磁碟機
@@ -40927,2 +40840,2 @@
-be(	
-be)	
+be(	べ
+be)	ベ
@@ -41050,2 +40963,2 @@
-bi(	
-bi)	
+bi(	び
+bi)	ビ
@@ -41054,4 +40966,0 @@
-big5	BIG-5
-big5	BIG-5 碼
-big5	ＢＩＧ－５
-big5	ＢＩＧ－５ 碼
@@ -41357 +41266 @@
-bmt	用不x
+bmt	用不着
@@ -41515,2 +41424,2 @@
-bo(	
-bo)	
+bo(	ぼ
+bo)	ボ
@@ -41646 +41554,0 @@
-borl	Borland
@@ -41963,2 +41871,2 @@
-bu(	
-bu)	
+bu(	ぶ
+bu)	ブ
@@ -42325,2 +42233,2 @@
-bya(	
-bya)	
+bya(	びゃ
+bya)	ビャ
@@ -42403,2 +42311,2 @@
-byo(	
-byo)	
+byo(	びょ
+byo)	ビョ
@@ -42438,2 +42346,2 @@
-byu(	
-byu)	
+byu(	びゅ
+byu)	ビュ
@@ -42973 +42880,0 @@
-c:	C:
@@ -43114 +43021 @@
-cbci	銅x
+cbci	銅錢
@@ -43299 +43205,0 @@
-cd\	CD\
@@ -43411,2 +43317,2 @@
-cha(	
-cha)	
+cha(	ちゃ
+cha)	チャ
@@ -43415,2 +43321,2 @@
-chi(	
-chi)	
+chi(	ち
+chi)	チ
@@ -43418,2 +43324,2 @@
-cho(	
-cho)	
+cho(	ちょ
+cho)	チョ
@@ -43421,2 +43327,2 @@
-chu(	
-chu)	
+chu(	ちゅ
+chu)	ちュ
@@ -43635,2 +43540,0 @@
-clp	CLIPPER
-clp	Clipper
@@ -43638 +43541,0 @@
-cls	CLS
@@ -43840 +43742,0 @@
-cob	COBOL
@@ -43850 +43751,0 @@
-con	CONFIG.SYS
@@ -43856,3 +43756,0 @@
-copa	COPY A:*.*
-copb	COPY B:*.*
-copy	COPY
@@ -43861,2 +43758,0 @@
-core	Corel Draw
-core	Ｃｏｒｅｌ Ｄｒａｗ
@@ -44029,2 +43924,0 @@
-ctrl	Ctrl-
-ctrl	Ctrl 鍵
@@ -44321 +44214,0 @@
-c|	x
@@ -44924 +44817 @@
-d4t	標誌x
+d4t	標誌着
@@ -45144 +45036,0 @@
-d:	D:
@@ -45230,2 +45122,3 @@
-da(	
-da)	
+da	栢
+da(	だ
+da)	ダ
@@ -45412 +45304,0 @@
-db3	dBASE III
@@ -45415,2 +45306,0 @@
-db3p	dBASE III PLUS
-db4	dBASE IV
@@ -45426 +45315,0 @@
-dba	dBASE
@@ -45847,2 +45736,2 @@
-de(	
-de)	
+de(	で
+de)	デ
@@ -46133 +46021,0 @@
-dir	DIR
@@ -46135,2 +46022,0 @@
-dir*	DIR *
-dir.	DIR *.
@@ -46138 +46023,0 @@
-dirp	DIR/P
@@ -46140 +46024,0 @@
-dirw	DIR/W
@@ -46143 +46026,0 @@
-disk	DISKCOPY A: B:
@@ -46636 +46519 @@
-dmtw	本x
+dmtw	本着
@@ -46838,2 +46721,2 @@
-do(	
-do)	
+do(	ど
+do)	ド
@@ -46971,2 +46853,0 @@
-dos	DOS
-dos	ＤＯＳ
@@ -47455 +47336 @@
-dw,y	桃園私立育達高級商業職業x
+dw,y	桃園私立育達高級商業職業學校
@@ -48466,4 +48347,4 @@
-e(	
-e)	
-e*	
-e*	
+e(	え
+e)	エ
+e*	ぇ
+e*	ェ
@@ -49059,0 +48941 @@
+e.3e	泛綠
@@ -49081,0 +48964 @@
+e.tm	泛藍
@@ -49414 +49297 @@
-e2,q	減輕負x
+e2,q	減輕負担
@@ -49649,0 +49533 @@
+e7y`	溫室效應
@@ -49754 +49637,0 @@
-e:	E:
@@ -49956,0 +49840 @@
+ea,r	澳門特別行政區
@@ -49987,0 +49872,2 @@
+ea6y	液晶電視
+eaft	液晶螢幕
@@ -50412 +50298 @@
-ebg	沙x越
+ebg	沙朥越
@@ -50850 +50735,0 @@
-edit	EDIT
@@ -51141 +51026 @@
-eeg	深水x
+eeg	深水埗
@@ -51234,0 +51120 @@
+eeo	沙漠化
@@ -52632,3 +52517,0 @@
-ente	Enter
-ente	Enter 鍵
-ente	Enter (執行鍵)
@@ -53015 +52898 @@
-ertw	沿x
+ertw	沿着
@@ -53136 +53019 @@
-etd	水x
+etd	水菓
@@ -53144 +53027 @@
-ete	水x汁
+ete	水菓汁
@@ -53648,4 +53530,0 @@
-exce	EXCEL
-exce	Excel
-exce	ＥＸＣＥＬ
-exce	Ｅｘｃｅｌ
@@ -53694 +53572,0 @@
-exit	EXIT
@@ -53943,0 +53822 @@
+eymn	源碼
@@ -54251 +54130 @@
-e```	G
+e```	E
@@ -54492 +54370,0 @@
-f:	F:
@@ -54565,0 +54444 @@
+fcd	燒錄機
@@ -55065 +54943,0 @@
-for	FORTRAN
@@ -55069 +54946,0 @@
-fox	FOXBASE
@@ -55073,2 +54949,0 @@
-foxp	FOXPRO
-foxp	FoxPro
@@ -55275,2 +55150,2 @@
-fu(	
-fu)	
+fu(	ふ
+fu)	フ
@@ -55863,0 +55739 @@
+g,x	埗
@@ -56507,2 +56383,2 @@
-ga(	
-ga)	
+ga(	が
+ga)	ガ
@@ -56770,2 +56646,2 @@
-ge(	
-ge)	
+ge(	げ
+ge)	ゲ
@@ -56805,0 +56682 @@
+gedw	臺灣桃園國際機場
@@ -57117,2 +56994,2 @@
-gi(	
-gi)	
+gi(	ぎ
+gi)	ギ
@@ -57937,2 +57814,2 @@
-go(	
-go)	
+go(	ご
+go)	ゴ
@@ -58426,2 +58303,2 @@
-gu(	
-gu)	
+gu(	ぐ
+gu)	グ
@@ -58788,2 +58665,2 @@
-gya(	
-gya)	
+gya(	ぎゃ
+gya)	ギャ
@@ -58835,2 +58712,2 @@
-gyo(	
-gyo)	
+gyo(	ぎょ
+gyo)	ギョ
@@ -58870,2 +58747,2 @@
-gyu(	
-gyu)	
+gyu(	ぎゅ
+gyu)	ギュ
@@ -59435,2 +59312,2 @@
-ha(	
-ha)	
+ha(	は
+ha)	ハ
@@ -59606,2 +59483,2 @@
-he(	
-he)	
+he(	へ
+he)	ヘ
@@ -59675,2 +59552,2 @@
-hi(	
-hi)	
+hi(	ひ
+hi)	ヒ
@@ -60074,2 +59951,2 @@
-ho(	
-ho)	
+ho(	ほ
+ho)	ホ
@@ -60233,2 +60110,2 @@
-hu(	
-hu)	
+hu(	ふ
+hu)	フ
@@ -60303,2 +60180,2 @@
-hya(	
-hya)	
+hya(	ひゃ
+hya)	ヒャ
@@ -60315,2 +60192,2 @@
-hyo(	
-hyo)	
+hyo(	ひょ
+hyo)	ヒョ
@@ -60321,2 +60198,2 @@
-hyu(	
-hyu)	
+hyu(	ひゅ
+hyu)	ヒュ
@@ -60390,4 +60267,4 @@
-i(	
-i)	
-i*	
-i*	
+i(	い
+i)	イ
+i*	ぃ
+i*	ィ
@@ -60424,2 +60300,0 @@
-ibm	IBM
-ibm	ＩＢＭ
@@ -60427,7 +60301,0 @@
-ie	Internet Explorer
-ie3	Internet Explorer 3.0
-ie3	IE 3.0
-ie4	Internet Explorer 4.0
-ie4	IE 4.0
-ie5	Internet Explorer 5.0
-ie5	IE 5.0
@@ -60506,8 +60373,0 @@
-inte	Internet
-inte	INTERNET
-inte	Ｉｎｔｅｒｎｅｔ
-inte	ＩＮＴＥＲＮＥＴ
-intr	Intranet
-intr	INTRANET
-intr	Ｉｎｔｒａｎｅｔ
-intr	ＩＮＴＲＡＮＥＴ
@@ -61876,0 +61737 @@
+j9	邨
@@ -61942,0 +61804 @@
+j;7r	博客
@@ -62004,0 +61867 @@
+j;yx	博文
@@ -62681 +62544 @@
-jbzy	事x
+jbzy	事迹
@@ -63345,4 +63208,4 @@
-ji(	
-ji(	
-ji)	
-ji)	
+ji(	じ
+ji(	ぢ
+ji)	ジ
+ji)	ヂ
@@ -64237,0 +64101 @@
+jnx	攰
@@ -64765 +64629 @@
-jrzy	古x
+jrzy	古迹
@@ -66054,2 +65918,2 @@
-ka(	
-ka)	
+ka(	か
+ka)	カ
@@ -66140 +66004 @@
-kbm	大x
+kbm	大胆
@@ -66197 +66061 @@
-kbzy	奇x
+kbzy	奇迹
@@ -66236,2 +66100,2 @@
-ke(	
-ke)	
+ke(	け
+ke)	ケ
@@ -66360,2 +66224,2 @@
-ki(	
-ki)	
+ki(	き
+ki)	キ
@@ -66578,2 +66442,2 @@
-ko(	
-ko)	
+ko(	こ
+ko)	コ
@@ -66809,2 +66673,2 @@
-ku(	
-ku)	
+ku(	く
+ku)	ク
@@ -66963,2 +66827,2 @@
-kya(	
-kya)	
+kya(	きゃ
+kya)	キャ
@@ -67008,2 +66872,2 @@
-kyo(	
-kyo)	
+kyo(	きょ
+kyo)	キョ
@@ -67039,2 +66903,2 @@
-kyu(	
-kyu)	
+kyu(	きゅ
+kyu)	キュ
@@ -67311 +67174,0 @@
-l-	x
@@ -68166 +68028,0 @@
-lot	LOTUS 1-2-3
@@ -68406,0 +68269,2 @@
+lt/1	中華台北
+ltg1	中華臺北
@@ -68573 +68437 @@
-lwft	中國x草總公司
+lwft	中國烟草總公司
@@ -71890,2 +71754,2 @@
-ma(	
-ma)	
+ma(	ま
+ma)	マ
@@ -71986,2 +71849,0 @@
-mac	Mac
-mac	Macintosh
@@ -72532 +72394 @@
-mbg	砂x越
+mbg	砂朥越
@@ -72536 +72398 @@
-mbg,	砂x越州
+mbg,	砂朥越州
@@ -72548 +72410 @@
-mbgy	砂x越州
+mbgy	砂朥越州
@@ -72977 +72839 @@
-mbzy	事x
+mbzy	事迹
@@ -73269,2 +73130,0 @@
-mdos	MS-DOS
-mdos	ＭＳ－ＤＯＳ
@@ -73396,2 +73256,2 @@
-me(	
-me)	
+me(	め
+me)	メ
@@ -74327,2 +74187,2 @@
-mi(	
-mi)	
+mi(	み
+mi)	ミ
@@ -74371,2 +74230,0 @@
-micr	MicroSoft
-micr	ＭｉｃｒｏＳｏｆｔ
@@ -75042,0 +74901 @@
+mk3e	亞太經濟合作會議
@@ -76424,0 +76284 @@
+mmzb	三通
@@ -76499 +76359 @@
-mn	髣x
+mn	髣髴
@@ -76662 +76522 @@
-mnmn	髣x
+mnmn	髣髴
@@ -76760 +76620 @@
-mnx	髣x
+mnx	髣髴
@@ -76837,2 +76697,2 @@
-mo(	
-mo)	
+mo(	も
+mo)	モ
@@ -77153 +77012,0 @@
-mou	MOUSE
@@ -77320,0 +77180 @@
+mpm2	恐怖攻擊
@@ -77762 +77621,0 @@
-mrt	3 1/2"
@@ -77852,2 +77710,0 @@
-ms	MicroSoft
-ms	ＭｉｃｒｏＳｏｆｔ
@@ -77864,2 +77720,0 @@
-msc	MicroSoft C
-msc	MS-C
@@ -77867,2 +77721,0 @@
-msd	MS-DOS
-msd	ＭＳ－ＤＯＳ
@@ -77870,2 +77722,0 @@
-msdo	MS-DOS
-msdo	ＭＳ－ＤＯＳ
@@ -78161,0 +78013 @@
+mtk	資料夾
@@ -78312 +78164 @@
-mtt'	酸蘋x獎
+mtt'	酸蘋菓獎
@@ -78320 +78172 @@
-mtt1	酸蘋x獎
+mtt1	酸蘋菓獎
@@ -78455,2 +78307,2 @@
-mu(	
-mu)	
+mu(	む
+mu)	ム
@@ -78679,0 +78532 @@
+mw,a	世界貿易組織
@@ -78685,0 +78539 @@
+mw,g	世界衛生組織
@@ -78828,2 +78681,0 @@
-mwin	MS-WINDOWS
-mwin	MS-Windows
@@ -79410 +79261,0 @@
-mxw8	5 1/4"
@@ -79527,0 +79379 @@
+my	琼
@@ -79815,2 +79667,2 @@
-mya(	
-mya)	
+mya(	みゃ
+mya)	ミャ
@@ -80137,2 +79989,2 @@
-myo(	
-myo)	
+myo(	みょ
+myo)	ミョ
@@ -80300,2 +80152,2 @@
-myu(	
-myu)	
+myu(	みゅ
+myu)	ミュ
@@ -80519 +80371 @@
-mzf	王建x
+mzf	王建煊
@@ -80897 +80748,0 @@
-m`j	夏威夷 HI
@@ -80904 +80754,0 @@
-m`k	夏威夷 HI
@@ -80910,2 +80759,0 @@
-m`l	ｍ
-m`ll	m
@@ -81007,2 +80855,2 @@
-n(	
-n)	
+n(	ん
+n)	ン
@@ -81373,0 +81222 @@
+n=x	乸
@@ -81375,2 +81224,2 @@
-na(	
-na)	
+na(	な
+na)	ナ
@@ -81463,2 +81312,2 @@
-ne(	
-ne)	
+ne(	ね
+ne)	ネ
@@ -81481,2 +81329,0 @@
-netw	NetWare
-netw	ＮｅｔＷａｒｅ
@@ -81505,2 +81352,2 @@
-ni(	
-ni)	
+ni(	に
+ni)	ニ
@@ -81801,2 +81648,2 @@
-no(	
-no)	
+no(	の
+no)	ノ
@@ -82016,3 +81863,2 @@
-nu	Norton Utilities
-nu(	
-nu)	
+nu(	ぬ
+nu)	ヌ
@@ -82021 +81866,0 @@
-nu8	Norton Utilities 8.0
@@ -82047,2 +81892,2 @@
-nya(	
-nya)	
+nya(	にゃ
+nya)	ニャ
@@ -82059,2 +81904,2 @@
-nyo(	
-nyo)	
+nyo(	にょ
+nyo)	ニョ
@@ -82063,2 +81908,2 @@
-nyu(	
-nyu)	
+nyu(	にゅ
+nyu)	ニュ
@@ -82295,4 +82140,4 @@
-o(	
-o)	
-o*	
-o*	
+o(	お
+o)	オ
+o*	ぉ
+o*	ォ
@@ -84990,0 +84836 @@
+oe`	禽流感
@@ -86064,0 +85911 @@
+omm7	全球一體化
@@ -88821,2 +88668,2 @@
-pa(	
-pa)	
+pa(	ぱ
+pa)	パ
@@ -88842 +88688,0 @@
-pas	Pascal
@@ -89005,4 +88850,0 @@
-pc	PC
-pc	ＰＣ
-pcd	PC-DOS
-pcdo	PC-DOS
@@ -89022 +88863,0 @@
-pdos	PC-DOS
@@ -89041,2 +88882,2 @@
-pe(	
-pe)	
+pe(	ぺ
+pe)	ペ
@@ -89045,8 +88885,0 @@
-pe2	PE2
-pe2	PE II
-pe2	ＰＥ２
-pe2	ＰＥⅡ
-pe3	PE3
-pe3	PE III
-pe3	ＰＥ３
-pe3	ＰＥ Ⅲ
@@ -89060,2 +88892,0 @@
-pent	Pentium
-pent	Ｐｅｎｔｉｕｍ
@@ -89182,2 +89013,2 @@
-pi(	
-pi)	
+pi(	ぴ
+pi)	ピ
@@ -89506,2 +89337,2 @@
-po(	
-po)	
+po(	ぽ
+po)	ポ
@@ -89530,2 +89360,0 @@
-post	PostScript
-post	ＰｏｓｔＳｃｒｉｐｔ
@@ -89591,4 +89419,0 @@
-ppt	POWER POINT
-ppt	Power Point
-ppt	ＰＯＷＥＲ ＰＯＩＮＴ
-ppt	Ｐｏｗｅｒ Ｐｏｉｎｔ
@@ -89719,2 +89544,2 @@
-pu(	
-pu)	
+pu(	ぷ
+pu)	プ
@@ -89836,2 +89661,2 @@
-pya(	
-pya)	
+pya(	ぴゃ
+pya)	ピャ
@@ -89853,2 +89678,2 @@
-pyo(	
-pyo)	
+pyo(	ぴょ
+pyo)	ピョ
@@ -89866,2 +89691,2 @@
-pyu(	
-pyu)	
+pyu(	ぴゅ
+pyu)	ピュ
@@ -92449 +92274 @@
-qm,5	x負
+qm,5	担負
@@ -92612 +92437 @@
-qmjd	x架
+qmjd	担架
@@ -92671 +92496 @@
-qmmx	x憂
+qmmx	担憂
@@ -92682 +92507 @@
-qmnd	x架
+qmnd	担架
@@ -92701 +92526 @@
-qmod	X保
+qmod	担保
@@ -92705 +92530 @@
-qmog	x任
+qmog	担任
@@ -92711 +92536 @@
-qmp	X心
+qmp	担心
@@ -92785 +92610 @@
-qmtw	x當
+qmtw	担當
@@ -92813,0 +92639,2 @@
+qmx	掹
+qmx	揸
@@ -93805 +93631,0 @@
-qub	Quick BASIC
@@ -93807 +93632,0 @@
-quc	Quick C
@@ -93829 +93653,0 @@
-qup	Quick Pascal
@@ -93930 +93754 @@
-qvtw	接x
+qvtw	接着
@@ -94786,0 +94611 @@
+r'r'	叱吒
@@ -94811,0 +94637,2 @@
+r'x	哋
+r'x	咤
@@ -94873,0 +94701 @@
+r,,p	嚴重急性呼吸道症候群
@@ -95147,0 +94976 @@
+r-x	𡃁
@@ -95406,0 +95236 @@
+r3x	喺
@@ -95716,2 +95546,2 @@
-ra(	
-ra)	
+ra(	ら
+ra)	ラ
@@ -96006,0 +95837,2 @@
+rbx	嘢
+rbx	踭
@@ -96189,2 +96021,2 @@
-re(	
-re)	
+re(	れ
+re)	レ
@@ -96208,3 +96039,0 @@
-retu	Return
-retu	Return 鍵
-retu	Return (換行鍵)
@@ -96211,0 +96041 @@
+rex	嚟
@@ -96290 +96120 @@
-rgrg	哇x
+rgrg	哇噻
@@ -96304,0 +96135 @@
+rgx	嚡
@@ -96342,2 +96173,2 @@
-ri(	
-ri)	
+ri(	り
+ri)	リ
@@ -96897,0 +96729 @@
+rmx	咗
@@ -96908,0 +96741 @@
+rmx	嚿
@@ -97032,0 +96866,2 @@
+rnx	啲
+rnx	嘞
@@ -97066,2 +96901,2 @@
-ro(	
-ro)	
+ro(	ろ
+ro)	ロ
@@ -97159,0 +96995 @@
+rox	嘥
@@ -97203,0 +97040 @@
+rpx	喼
@@ -97218,0 +97056 @@
+rqx	嗱
@@ -97353,0 +97192 @@
+rrm[	路環
@@ -97456,0 +97296 @@
+rrx	啱
@@ -97540,2 +97380,2 @@
-ru(	
-ru)	
+ru(	る
+ru)	ル
@@ -97624,0 +97465,2 @@
+rwx	嗰
+rwx	噃
@@ -97835,2 +97677,2 @@
-rya(	
-rya)	
+rya(	りゃ
+rya)	リャ
@@ -97858,2 +97700,2 @@
-ryo(	
-ryo)	
+ryo(	りょ
+ryo)	リョ
@@ -97893,2 +97735,2 @@
-ryu(	
-ryu)	
+ryu(	りゅ
+ryu)	リュ
@@ -97900,0 +97743 @@
+ryx	吓
@@ -97903,0 +97747 @@
+ryx	啩
@@ -97966 +97810 @@
-r[tw	跟x
+r[tw	跟着
@@ -98340,2 +98184,2 @@
-sa(	
-sa)	
+sa(	さ
+sa)	サ
@@ -98375 +98218,0 @@
-save	SAVE
@@ -98482,2 +98325,2 @@
-se(	
-se)	
+se(	せ
+se)	セ
@@ -98554,4 +98397,2 @@
-shi(	
-shi)	
-shif	Shift-
-shif	Shift 鍵
+shi(	し
+shi)	シ
@@ -98754,2 +98595,2 @@
-so(	
-so)	
+so(	そ
+so)	ソ
@@ -98776,3 +98616,0 @@
-spac	Space
-spac	Space 鍵
-spac	Space (空格鍵)
@@ -98900,2 +98738,2 @@
-su(	
-su)	
+su(	す
+su)	ス
@@ -99033,2 +98871,2 @@
-sya(	
-sya)	
+sya(	しゃ
+sya)	ツャ
@@ -99043,2 +98881,2 @@
-syo(	
-syo)	
+syo(	しょ
+syo)	ツョ
@@ -99051,2 +98889,2 @@
-syu(	
-syu)	
+syu(	しゅ
+syu)	ツュ
@@ -99262 +99100 @@
-t'gx	x坡
+t'gx	蔴坡
@@ -100027 +99865 @@
-t.,	x子狸
+t.,	菓子狸
@@ -100691 +100529 @@
-t5td	蘋x
+t5td	蘋菓
@@ -101235,2 +101073,2 @@
-ta(	
-ta)	
+ta(	た
+ta)	タ
@@ -101248 +101086 @@
-ta,b	普x
+ta,b	普徧
@@ -101301,2 +101138,0 @@
-tab	TAB
-tab	TAB 鍵
@@ -101989,2 +101824,0 @@
-tca	TCA
-tca	ＴＣＡ
@@ -102036 +101870 @@
-td	x
+td	蔴
@@ -102049 +101883 @@
-td'w	x醬
+td'w	菓醬
@@ -102136 +101969,0 @@
-tdb	Table (.DBF 檔案)
@@ -102179 +102012 @@
-tdgx	x坡
+tdgx	蔴坡
@@ -102401,2 +102234,2 @@
-te(	
-te)	
+te(	て
+te)	テ
@@ -102440 +102273 @@
-ted	x汁機
+ted	菓汁機
@@ -104096,0 +103930 @@
+tmtb	藍芽
@@ -104276 +104110,2 @@
-tn	葡萄
+tn	葡
+tn	萄
@@ -104626,2 +104461,2 @@
-to(	
-to)	
+to(	と
+to)	ト
@@ -105374,4 +105209,4 @@
-tsu(	
-tsu)	
-tsu*	
-tsu*	
+tsu(	つ
+tsu)	ツ
+tsu*	っ
+tsu*	ッ
@@ -105784 +105618,0 @@
-tu	Turbo
@@ -105794 +105627,0 @@
-tub	Turbo BASIC
@@ -105796 +105628,0 @@
-tuc	Turbo C
@@ -105800 +105631,0 @@
-tup	Turbo Pascal
@@ -105819 +105649,0 @@
-tvbs	ＴＶＢＳ
@@ -105858,0 +105689 @@
+tw	着
@@ -105887 +105718 @@
-tw,g	x重
+tw,g	着重
@@ -105894 +105725 @@
-tw,p	x急
+tw,p	着急
@@ -105971 +105802 @@
-twdp	x想
+twdp	着想
@@ -106021,0 +105853 @@
+twmb	首爾
@@ -106076 +105908 @@
-twq	x手
+twq	着手
@@ -106117 +105949 @@
-tww	x眼點
+tww	着眼點
@@ -106128 +105960 @@
-tww[	x眼
+tww[	着眼
@@ -106564,2 +106396,2 @@
-tya(	
-tya)	
+tya(	ちゃ
+tya)	チャ
@@ -106641,2 +106473,2 @@
-tyo(	
-tyo)	
+tyo(	ちょ
+tyo)	チョ
@@ -106652 +106483,0 @@
-type	TYPE
@@ -106685,2 +106516,2 @@
-tyu(	
-tyu)	
+tyu(	ちゅ
+tyu)	チュ
@@ -107083,4 +106914,4 @@
-u(	
-u)	
-u*	
-u*	
+u(	う
+u)	ウ
+u*	ぅ
+u*	ゥ
@@ -107589,4 +107419,0 @@
-unic	Unicode
-unic	Ｕｎｉｃｏｄｅ
-unix	UNIX
-unix	ＵＮＩＸ
@@ -107990,0 +107818 @@
+uzdt	凱達格蘭大道
@@ -108387 +108214,0 @@
-vbas	Visual Basic
@@ -108570 +108396,0 @@
-vfp	Visual FoxPro
@@ -109405 +109230,0 @@
-w,,	羅德島 RI
@@ -109958,2 +109782,0 @@
-w3	WWW
-w3	ＷＷＷ
@@ -110407,6 +110229,0 @@
-w95	Win 95
-w95	Ｗｉｎ ９５
-w95	Windows 95
-w95	WINDOWS 95
-w95	Ｗｉｎｄｏｗｓ ９５
-w95	ＷＩＮＤＯＷＳ ９５
@@ -110416,6 +110232,0 @@
-w98	Win 98
-w98	Ｗｉｎ ９８
-w98	Windows 98
-w98	WINDOWS 98
-w98	Ｗｉｎｄｏｗｓ ９８
-w98	ＷＩＮＤＯＷＳ ９８
@@ -110506,2 +110317,4 @@
-wa(	
-wa)	
+wa(	わ
+wa)	ワ
+wa*	ゎ
+wa*	ヮ
@@ -111191,0 +111005,2 @@
+wi(	ゐ
+wi)	ヰ
@@ -111230,8 +111044,0 @@
-win	Windows
-win	WINDOWS
-win	Ｗｉｎｄｏｗｓ
-win	ＷＩＮＤＯＷＳ
-wint	Windows NT
-wint	WINDOWS NT
-wint	Ｗｉｎｄｏｗｓ ＮＴ
-wint	ＷＩＮＤＯＷＳ ＮＴ
@@ -111810,2 +111617,2 @@
-wo(	
-wo)	
+wo(	を
+wo)	ヲ
@@ -111853,0 +111661 @@
+woqa	數位攝影機
@@ -111857,4 +111664,0 @@
-word	Word
-word	WORD
-word	Ｗｏｒｄ
-word	ＷＯＲＤ
@@ -112666 +112470 @@
-wy9a	國立陽明醫學院
+wy9a	國立陽明大學
@@ -113348 +113151,0 @@
-xy8j	XY分布圖
@@ -113350 +113152,0 @@
-xy8o	XY分佈圖
@@ -114682 +114483,0 @@
-y/t	NT$
@@ -115889 +115689,0 @@
-y=	x
@@ -115907,4 +115707,4 @@
-ya(	
-ya)	
-ya*	
-ya*	
+ya(	や
+ya)	ヤ
+ya*	ゃ
+ya*	ャ
@@ -116322,0 +116123 @@
+ybeb	高清
@@ -117125 +116926 @@
-yg	x
+yg	堃
@@ -117229,0 +117031 @@
+yge	基本法
@@ -117329 +117130,0 @@
-ygt	NT$
@@ -118711 +118512 @@
-yntw	為x
+yntw	為着
@@ -118786,4 +118587,4 @@
-yo(	
-yo)	
-yo*	
-yo*	
+yo(	よ
+yo)	ヨ
+yo*	ょ
+yo*	ョ
@@ -119400 +119201 @@
-yrt	意味x
+yrt	意味着
@@ -119616,0 +119418 @@
+ytd	部落格
@@ -119836,4 +119638,4 @@
-yu(	
-yu)	
-yu*	
-yu*	
+yu(	ゆ
+yu)	ユ
+yu*	ゅ
+yu*	ュ
@@ -121347 +121149 @@
-y[zy	痕x
+y[zy	痕迹
@@ -122403 +122205 @@
-z5zy	遺x
+z5zy	遺迹
@@ -122574,2 +122376,2 @@
-za(	
-za)	
+za(	ざ
+za)	ザ
@@ -122734,0 +122537 @@
+zb4i	通識
@@ -122779,0 +122583 @@
+zbb[	通脹
@@ -123093,2 +122897,2 @@
-ze(	
-ze)	
+ze(	ぜ
+ze)	ゼ
@@ -123745,2 +123549,2 @@
-zo(	
-zo)	
+zo(	ぞ
+zo)	ゾ
@@ -124070,4 +123874,4 @@
-zu(	
-zu(	
-zu)	
-zu)	
+zu(	ず
+zu(	づ
+zu)	ズ
+zu)	ヅ
@@ -124304,2 +124108,2 @@
-zya(	
-zya)	
+zya(	じゃ
+zya)	ジャ
@@ -124329,2 +124133,2 @@
-zyo(	
-zyo)	
+zyo(	じょ
+zyo)	ジョ
@@ -124341,2 +124145,2 @@
-zyu(	
-zyu)	
+zyu(	じゅ
+zyu)	ジュ
@@ -124373,40 +124177,40 @@
-zz	
-zz	
-zz	
-zz	
-zz	
-zz	
-zz	
-zz	
-zz	
-zz	
-zz	
-zz	
-zz	
-zz	
-zz	
-zz	
-zz	
-zz	
-zz	
-zz	
-zz	
-zz	
-zz	
-zz	
-zz	
-zz	
-zz	
-zz	
-zz	
-zz	
-zz	
-zz	
-zz	
-zz	
-zz	
-zz	
-zz	
-zz	
-zz	
-zz	
+zz	ⅰ
+zz	ⅱ
+zz	ⅲ
+zz	ⅳ
+zz	ⅴ
+zz	ⅵ
+zz	ⅶ
+zz	ⅷ
+zz	ⅸ
+zz	ⅹ
+zz	⑴
+zz	⑵
+zz	⑶
+zz	⑷
+zz	⑸
+zz	⑹
+zz	⑺
+zz	⑻
+zz	⑼
+zz	⑽
+zz	①
+zz	②
+zz	③
+zz	④
+zz	⑤
+zz	⑥
+zz	⑦
+zz	⑧
+zz	⑨
+zz	⑩
+zz	❶
+zz	❷
+zz	❸
+zz	❹
+zz	❺
+zz	❻
+zz	❼
+zz	❽
+zz	❾
+zz	❿
@@ -125536,2 +125340,2 @@
-[[]]	『  』
-[]	「  」
+[[]]	『』
+[]	「」
@@ -126835 +126638,0 @@
-`',w	麻省 MA
@@ -126859 +126661,0 @@
-`'bw	麻省 MA
@@ -126938 +126740 @@
-`(	
+`(	あなた
@@ -127053 +126855 @@
-`,yy	威風儀x
+`,yy	威風凜凜
@@ -127079 +126881 @@
-`-yy	威風儀x
+`-yy	威風凜凜
@@ -127112 +126914 @@
-`.to	成也蕭何，敗也坏何
+`.to	成也蕭何，敗也蕭何
@@ -127192 +126994 @@
-`1c	壓歲x
+`1c	壓歲錢
@@ -127825 +127626,0 @@
-`d,w	麻省 MA
@@ -127839 +127639,0 @@
-`dbw	麻省 MA
@@ -128324 +128124 @@
-`jto	成也蕭何，敗也坏何
+`jto	成也蕭何，敗也蕭何
@@ -128484,0 +128285 @@
+`m,n	反恐行動
@@ -128553,0 +128355 @@
+`men	反恐演習
@@ -128591,0 +128394 @@
+`mo.	反恐任務
@@ -128601,0 +128405 @@
+`mqy	反恐措施
@@ -128607,0 +128412 @@
+`mr,	反恐戰爭
@@ -129285,0 +129091 @@
+`xmp	反恐
@@ -129595 +129401 @@
-`[zy	痕x
+`[zy	痕迹
@@ -129602,20 +129407,0 @@
-``	!
-``	@
-``	#
-``	$
-``	%
-``	^
-``	&
-``	*
-``	(
-``	)
-``	,
-``	.
-``	;
-``	:
-``	'
-``	"
-``	[
-``	]
-``	{
-``	}
@@ -129636,2 +129421,0 @@
-``	“
-``	”
@@ -129681,0 +129466 @@
+``	€
@@ -129684 +129468,0 @@
-``	
@@ -129810 +129594 @@
-{}	【  】
+{}	【】
